// Vitest Snapshot v1, https://vitest.dev/guide/snapshot.html

exports[`createAlchemyGame 1`] = `
" Creating a new Alchemy game in [32m/private/var/folders/q1/yr1p58xs6p39m4vm2z17s7fw0000gn/T/hello-worldfd0e78f4bfdd3a31dde4b18727863d63/t[39m

{
  \\"args\\": [
    \\"test-game\\"
  ],
  \\"options\\": {
    \\"--\\": []
  }
}
[STARTED] Create project folder
[SUCCESS] Create project folder
[STARTED] Git init
[SUCCESS] Git init
[STARTED] Copy template files
[SUCCESS] Copy template files
[STARTED] Install dependencies
[DATA] npm
[DATA]  WARN deprecated querystring@0.2.0: The querystring API is considered Legacy. new code should use the URLSearchParams API instead.
[DATA] 
[DATA] 
[DATA] added 59 packages in 1s
[DATA] 
[DATA] 
[DATA] 6 packages are looking for funding
[DATA]   run \`npm fund\` for details
[DATA] 
[SUCCESS] Install dependencies
[STARTED] Install dev dependencies
[DATA] 
[DATA] added 2 packages, and audited 62 packages in 790ms
[DATA] 
[DATA] 
[DATA] 
[DATA] 7 packages are looking for funding
[DATA]   run \`npm fund\` for details
[DATA] 
[DATA] 
[DATA] found 0 vulnerabilities
[DATA] 
[SUCCESS] Install dev dependencies
[STARTED] Git commit
[SUCCESS] Git commit

        [32mSuccess![39m Created [36mt[39m at [36m/private/var/folders/q1/yr1p58xs6p39m4vm2z17s7fw0000gn/T/hello-worldfd0e78f4bfdd3a31dde4b18727863d63/t[39m

        Start the game by typing:

          cd t
          [36mnpm start[39m

        Good luck!
      "
`;
